// Jest Snapshot v1, https://goo.gl/fbAQLP

exports[`User Register 와 관련된 테스트 html should render correctly 1`] = `
<div class="UserRegister">
  <div><span>email : </span> <input type="text" class="email"></div>
  <!---->
  <div><span>password : </span> <input type="text" class="password"> <span>password_again : </span> <input type="text" class="password_re"></div>
  <!---->
  <div><input type="text" class="nickname"></div>
  <div><button class="userRegister">등록</button></div>
</div>
`;
